

================================================================
== Vitis HLS Report for 'nms_Pipeline_2'
================================================================
* Date:           Tue Mar 26 11:43:38 2024

* Version:        2023.2 (Build 4023990 on Oct 11 2023)
* Project:        cluster_nms_impl
* Solution:       solution1 (Vivado IP Flow Target)
* Product family: zynq
* Target device:  xc7z020-clg400-1


================================================================
== Performance Estimates
================================================================
+ Timing: 
    * Summary: 
    +--------+----------+----------+------------+
    |  Clock |  Target  | Estimated| Uncertainty|
    +--------+----------+----------+------------+
    |ap_clk  |  10.00 ns|  6.522 ns|     2.70 ns|
    +--------+----------+----------+------------+

+ Latency: 
    * Summary: 
    +---------+---------+-----------+-----------+------+------+---------+
    |  Latency (cycles) |   Latency (absolute)  |   Interval  | Pipeline|
    |   min   |   max   |    min    |    max    |  min |  max |   Type  |
    +---------+---------+-----------+-----------+------+------+---------+
    |     4952|     4952|  49.520 us|  49.520 us|  4952|  4952|       no|
    +---------+---------+-----------+-----------+------+------+---------+

    + Detail: 
        * Instance: 
        N/A

        * Loop: 
        +----------+---------+---------+----------+-----------+-----------+------+----------+
        |          |  Latency (cycles) | Iteration|  Initiation Interval  | Trip |          |
        | Loop Name|   min   |   max   |  Latency |  achieved |   target  | Count| Pipelined|
        +----------+---------+---------+----------+-----------+-----------+------+----------+
        |- Loop 1  |     4950|     4950|         1|          1|          1|  4950|       yes|
        +----------+---------+---------+----------+-----------+-----------+------+----------+



================================================================
== Utilization Estimates
================================================================
* Summary: 
+-----------------+---------+-----+--------+-------+-----+
|       Name      | BRAM_18K| DSP |   FF   |  LUT  | URAM|
+-----------------+---------+-----+--------+-------+-----+
|DSP              |        -|    -|       -|      -|    -|
|Expression       |        -|    -|       0|     28|    -|
|FIFO             |        -|    -|       -|      -|    -|
|Instance         |        -|    -|       -|      -|    -|
|Memory           |        -|    -|       -|      -|    -|
|Multiplexer      |        -|    -|       -|     27|    -|
|Register         |        -|    -|      15|      -|    -|
+-----------------+---------+-----+--------+-------+-----+
|Total            |        0|    0|      15|     55|    0|
+-----------------+---------+-----+--------+-------+-----+
|Available        |      280|  220|  106400|  53200|    0|
+-----------------+---------+-----+--------+-------+-----+
|Utilization (%)  |        0|    0|      ~0|     ~0|    0|
+-----------------+---------+-----+--------+-------+-----+

+ Detail: 
    * Instance: 
    N/A

    * DSP: 
    N/A

    * Memory: 
    N/A

    * FIFO: 
    N/A

    * Expression: 
    +------------------------+----------+----+---+----+------------+------------+
    |      Variable Name     | Operation| DSP| FF| LUT| Bitwidth P0| Bitwidth P1|
    +------------------------+----------+----+---+----+------------+------------+
    |empty_35_fu_58_p2       |         +|   0|  0|  14|          13|           1|
    |exitcond31506_fu_52_p2  |      icmp|   0|  0|  14|          13|          13|
    +------------------------+----------+----+---+----+------------+------------+
    |Total                   |          |   0|  0|  28|          26|          14|
    +------------------------+----------+----+---+----+------------+------------+

    * Multiplexer: 
    +-------------------------+----+-----------+-----+-----------+
    |           Name          | LUT| Input Size| Bits| Total Bits|
    +-------------------------+----+-----------+-----+-----------+
    |ap_done_int              |   9|          2|    1|          2|
    |ap_sig_allocacmp_p_load  |   9|          2|   13|         26|
    |empty_fu_26              |   9|          2|   13|         26|
    +-------------------------+----+-----------+-----+-----------+
    |Total                    |  27|          6|   27|         54|
    +-------------------------+----+-----------+-----+-----------+

    * Register: 
    +-------------+----+----+-----+-----------+
    |     Name    | FF | LUT| Bits| Const Bits|
    +-------------+----+----+-----+-----------+
    |ap_CS_fsm    |   1|   0|    1|          0|
    |ap_done_reg  |   1|   0|    1|          0|
    |empty_fu_26  |  13|   0|   13|          0|
    +-------------+----+----+-----+-----------+
    |Total        |  15|   0|   15|          0|
    +-------------+----+----+-----+-----------+



================================================================
== Interface
================================================================
* Summary: 
+---------------------+-----+-----+------------+----------------+--------------+
|      RTL Ports      | Dir | Bits|  Protocol  |  Source Object |    C Type    |
+---------------------+-----+-----+------------+----------------+--------------+
|ap_clk               |   in|    1|  ap_ctrl_hs|  nms_Pipeline_2|  return value|
|ap_rst               |   in|    1|  ap_ctrl_hs|  nms_Pipeline_2|  return value|
|ap_start             |   in|    1|  ap_ctrl_hs|  nms_Pipeline_2|  return value|
|ap_done              |  out|    1|  ap_ctrl_hs|  nms_Pipeline_2|  return value|
|ap_idle              |  out|    1|  ap_ctrl_hs|  nms_Pipeline_2|  return value|
|ap_ready             |  out|    1|  ap_ctrl_hs|  nms_Pipeline_2|  return value|
|iou_matrix_address0  |  out|   13|   ap_memory|      iou_matrix|         array|
|iou_matrix_ce0       |  out|    1|   ap_memory|      iou_matrix|         array|
|iou_matrix_we0       |  out|    1|   ap_memory|      iou_matrix|         array|
|iou_matrix_d0        |  out|   32|   ap_memory|      iou_matrix|         array|
+---------------------+-----+-----+------------+----------------+--------------+

